2026-08-06 11:10:09 [restartedMain] INFO  c.refacFabela.RefacFabelaApplication - Starting RefacFabelaApplication using Java 1.8.0_202 on Pedro with PID 37016 (D:\Proyectos\Fabela\Backend\refacFabelaBack\refacFabela\target\classes started by pedro in D:\Proyectos\Fabela\Backend\refacFabelaBack\refacFabela)
2026-08-06 11:10:09 [restartedMain] INFO  c.refacFabela.RefacFabelaApplication - No active profile set, falling back to 1 default profile: "default"
2026-08-06 11:10:09 [restartedMain] INFO  o.s.b.d.e.DevToolsPropertyDefaultsPostProcessor - For additional web related logging consider setting the 'logging.level.web' property to 'DEBUG'
2026-08-06 11:10:10 [restartedMain] INFO  o.s.d.r.c.RepositoryConfigurationDelegate - Bootstrapping Spring Data JPA repositories in DEFAULT mode.
2026-08-06 11:10:10 [restartedMain] INFO  o.s.d.r.c.RepositoryConfigurationDelegate - Finished Spring Data repository scanning in 259 ms. Found 86 JPA repository interfaces.
2026-08-06 11:10:10 [restartedMain] INFO  o.s.c.s.PostProcessorRegistrationDelegate$BeanPostProcessorChecker - Bean 'org.springframework.security.access.expression.method.DefaultMethodSecurityExpressionHandler@3049cda1' of type [org.springframework.security.access.expression.method.DefaultMethodSecurityExpressionHandler] is not eligible for getting processed by all BeanPostProcessors (for example: not eligible for auto-proxying)
2026-08-06 11:10:10 [restartedMain] INFO  o.s.c.s.PostProcessorRegistrationDelegate$BeanPostProcessorChecker - Bean 'methodSecurityMetadataSource' of type [org.springframework.security.access.method.DelegatingMethodSecurityMetadataSource] is not eligible for getting processed by all BeanPostProcessors (for example: not eligible for auto-proxying)
2026-08-06 11:10:10 [restartedMain] INFO  o.s.b.w.e.tomcat.TomcatWebServer - Tomcat initialized with port(s): 4043 (http)
2026-08-06 11:10:10 [restartedMain] INFO  o.a.catalina.core.StandardService - Starting service [Tomcat]
2026-08-06 11:10:10 [restartedMain] INFO  o.a.catalina.core.StandardEngine - Starting Servlet engine: [Apache Tomcat/9.0.75]
2026-08-06 11:10:10 [restartedMain] INFO  o.a.c.c.C.[.[.[/api/refacFabela] - Initializing Spring embedded WebApplicationContext
2026-08-06 11:10:10 [restartedMain] INFO  o.s.b.w.s.c.ServletWebServerApplicationContext - Root WebApplicationContext: initialization completed in 1541 ms
2026-08-06 11:10:11 [restartedMain] INFO  o.h.jpa.internal.util.LogHelper - HHH000204: Processing PersistenceUnitInfo [name: default]
2026-08-06 11:10:11 [restartedMain] INFO  org.hibernate.Version - HHH000412: Hibernate ORM core version 5.4.33
2026-08-06 11:10:11 [restartedMain] INFO  o.h.annotations.common.Version - HCANN000001: Hibernate Commons Annotations {5.1.2.Final}
2026-08-06 11:10:11 [restartedMain] INFO  com.zaxxer.hikari.HikariDataSource - HikariPool-1 - Starting...
2026-08-06 11:10:11 [restartedMain] INFO  com.zaxxer.hikari.HikariDataSource - HikariPool-1 - Start completed.
2026-08-06 11:10:11 [restartedMain] INFO  org.hibernate.dialect.Dialect - HHH000400: Using dialect: org.hibernate.dialect.MySQL5InnoDBDialect
2026-08-06 11:10:12 [restartedMain] INFO  o.h.e.t.j.p.i.JtaPlatformInitiator - HHH000490: Using JtaPlatform implementation: [org.hibernate.engine.transaction.jta.platform.internal.NoJtaPlatform]
2026-08-06 11:10:12 [restartedMain] INFO  o.s.o.j.LocalContainerEntityManagerFactoryBean - Initialized JPA EntityManagerFactory for persistence unit 'default'
2026-08-06 11:10:14 [restartedMain] INFO  o.s.b.a.e.web.EndpointLinksResolver - Exposing 1 endpoint(s) beneath base path '/actuator'
2026-08-06 11:10:14 [restartedMain] INFO  o.s.b.w.e.tomcat.TomcatWebServer - Tomcat started on port(s): 4043 (http) with context path '/api/refacFabela'
2026-08-06 11:10:14 [restartedMain] INFO  c.refacFabela.RefacFabelaApplication - Started RefacFabelaApplication in 5.454 seconds (JVM running for 5.717)
2026-08-06 11:12:43 [main] INFO  c.r.RefacFabelaApplicationTests - Starting RefacFabelaApplicationTests using Java 1.8.0_202 on Pedro with PID 44640 (started by pedro in d:\Proyectos\Fabela\Backend\refacFabelaBack\refacFabela)
2026-08-06 11:12:43 [main] INFO  c.r.RefacFabelaApplicationTests - No active profile set, falling back to 1 default profile: "default"
2026-08-06 11:12:44 [main] INFO  o.s.d.r.c.RepositoryConfigurationDelegate - Bootstrapping Spring Data JPA repositories in DEFAULT mode.
2026-08-06 11:12:44 [main] INFO  o.s.d.r.c.RepositoryConfigurationDelegate - Finished Spring Data repository scanning in 244 ms. Found 86 JPA repository interfaces.
2026-08-06 11:12:44 [main] INFO  o.s.c.s.PostProcessorRegistrationDelegate$BeanPostProcessorChecker - Bean 'org.springframework.security.access.expression.method.DefaultMethodSecurityExpressionHandler@4e49ce2b' of type [org.springframework.security.access.expression.method.DefaultMethodSecurityExpressionHandler] is not eligible for getting processed by all BeanPostProcessors (for example: not eligible for auto-proxying)
2026-08-06 11:12:44 [main] INFO  o.s.c.s.PostProcessorRegistrationDelegate$BeanPostProcessorChecker - Bean 'methodSecurityMetadataSource' of type [org.springframework.security.access.method.DelegatingMethodSecurityMetadataSource] is not eligible for getting processed by all BeanPostProcessors (for example: not eligible for auto-proxying)
2026-08-06 11:12:44 [main] INFO  o.h.jpa.internal.util.LogHelper - HHH000204: Processing PersistenceUnitInfo [name: default]
2026-08-06 11:12:44 [main] INFO  org.hibernate.Version - HHH000412: Hibernate ORM core version 5.4.33
2026-08-06 11:12:45 [main] INFO  o.h.annotations.common.Version - HCANN000001: Hibernate Commons Annotations {5.1.2.Final}
2026-08-06 11:12:45 [main] INFO  com.zaxxer.hikari.HikariDataSource - HikariPool-1 - Starting...
2026-08-06 11:12:45 [main] INFO  com.zaxxer.hikari.HikariDataSource - HikariPool-1 - Start completed.
2026-08-06 11:12:45 [main] INFO  org.hibernate.dialect.Dialect - HHH000400: Using dialect: org.hibernate.dialect.MySQL5InnoDBDialect
2026-08-06 11:12:46 [main] INFO  o.h.e.t.j.p.i.JtaPlatformInitiator - HHH000490: Using JtaPlatform implementation: [org.hibernate.engine.transaction.jta.platform.internal.NoJtaPlatform]
2026-08-06 11:12:46 [main] INFO  o.s.o.j.LocalContainerEntityManagerFactoryBean - Initialized JPA EntityManagerFactory for persistence unit 'default'
2026-08-06 11:12:49 [main] INFO  o.s.b.a.e.web.EndpointLinksResolver - Exposing 1 endpoint(s) beneath base path '/actuator'
2026-08-06 11:12:50 [main] INFO  c.r.RefacFabelaApplicationTests - Started RefacFabelaApplicationTests in 6.706 seconds (JVM running for 7.336)
2026-08-06 11:12:50 [SpringApplicationShutdownHook] INFO  o.s.o.j.LocalContainerEntityManagerFactoryBean - Closing JPA EntityManagerFactory for persistence unit 'default'
2026-08-06 11:12:50 [SpringApplicationShutdownHook] INFO  com.zaxxer.hikari.HikariDataSource - HikariPool-1 - Shutdown initiated...
2026-08-06 11:12:50 [SpringApplicationShutdownHook] INFO  com.zaxxer.hikari.HikariDataSource - HikariPool-1 - Shutdown completed.
